﻿
> cre8sphere-homepage@0.0.0 build
> vite build

[36mvite v7.3.1 [32mbuilding client environment for production...[36m[39m
transforming...
[32mΓ£ô[39m 411 modules transformed.
node.exe : 
[31mΓ£ù[39m Build 
failed in 957ms
At line:1 char:1
+ & "C:\Program 
Files\nodejs/node.exe" 
"C:\Users\aksha\AppData
\Roaming\ ...
+ ~~~~~~~~~~~~~~~~~~~~~
~~~~~~~~~~~~~~~~~~~~~~~
~~~~~~~~~~~~~~~~~~~~~~~
~~
    + CategoryInfo     
         : NotSpecifi  
  ed: ([31mΓ£ù[39m   
  Build failed in 9    
57ms:String) [], R    
emoteException
    + FullyQualifiedEr 
   rorId : NativeComm  
  andError
 
[31merror during 
build:
[31msrc/components/Her
oSection.jsx (1:51): 
"Smartphone01Icon" is 
not exported by "node_m
odules/@hugeicons/react
/dist/esm/index.js", 
imported by "src/compon
ents/HeroSection.jsx".
[31m
file: 
[36mD:/cre8sphere new 
site/src/components/Her
oSection.jsx:1:51[31m
[33m
1: import { 
ArrowRight01Icon, 
BotIcon, 
NewspaperIcon, 
Smartphone01Icon } 
from 
"@hugeicons/react";
                       
                       
        ^
2: import 
PageContainer from "../
layouts/PageContainer";
3: import 
SectionReveal from 
"./SectionReveal";
[31m
    at getRollupError (
file:///D:/cre8sphere%2
0new%20site/node_module
s/rollup/dist/es/shared
/parseAst.js:402:41)
    at error (file:///D
:/cre8sphere%20new%20si
te/node_modules/rollup/
dist/es/shared/parseAst
.js:398:42)
    at Module.error (fi
le:///D:/cre8sphere%20n
ew%20site/node_modules/
rollup/dist/es/shared/n
ode-entry.js:17040:16)
    at 
Module.traceVariable (f
ile:///D:/cre8sphere%20
new%20site/node_modules
/rollup/dist/es/shared/
node-entry.js:17452:29)
    at ModuleScope.find
Variable (file:///D:/cr
e8sphere%20new%20site/n
ode_modules/rollup/dist
/es/shared/node-entry.j
s:15070:39)
    at Identifier.bind 
(file:///D:/cre8sphere%
20new%20site/node_modul
es/rollup/dist/es/share
d/node-entry.js:5447:40
)
    at Property.bind (f
ile:///D:/cre8sphere%20
new%20site/node_modules
/rollup/dist/es/shared/
node-entry.js:2829:23)
    at 
ObjectExpression.bind (
file:///D:/cre8sphere%2
0new%20site/node_module
s/rollup/dist/es/shared
/node-entry.js:2825:28)
    at 
ArrayExpression.bind (f
ile:///D:/cre8sphere%20
new%20site/node_modules
/rollup/dist/es/shared/
node-entry.js:2825:28)
    at VariableDeclarat
or.bind (file:///D:/cre
8sphere%20new%20site/no
de_modules/rollup/dist/
es/shared/node-entry.js
:2829:23)[39m
